// Jest Snapshot v1, https://goo.gl/fbAQLP

exports[`NetworkSwitch renders without crashing 1`] = `
ShallowWrapper {
  "length": 1,
  Symbol(enzyme.__root__): [Circular],
  Symbol(enzyme.__unrendered__): <NetworkSwitcher
    networks={
      Object {
        "CoZTestNet": Object {
          "canDelete": false,
          "name": "CoZ TestNet",
          "url": "http://coz-privatenet.herokuapp.com/",
        },
        "MainNet": Object {
          "canDelete": false,
          "name": "MainNet",
          "url": "http://api.wallet.cityofzion.io",
        },
        "TestNet": Object {
          "canDelete": false,
          "name": "TestNet",
          "url": "http://testnet-api.wallet.cityofzion.io",
        },
      }
    }
    selectedNetworkId="MainNet"
    setNetwork={[MockFunction]}
  />,
  Symbol(enzyme.__renderer__): Object {
    "batchedUpdates": [Function],
    "getNode": [Function],
    "render": [Function],
    "simulateEvent": [Function],
    "unmount": [Function],
  },
  Symbol(enzyme.__node__): Object {
    "instance": null,
    "key": undefined,
    "nodeType": "host",
    "props": Object {
      "children": <select
        className="switcher"
        defaultValue="MainNet"
        onChange={[Function]}
      >
        <option
          value="MainNet"
        >
          MainNet
        </option>
        <option
          value="TestNet"
        >
          TestNet
        </option>
        <option
          value="CoZTestNet"
        >
          CoZ TestNet
        </option>
      </select>,
    },
    "ref": null,
    "rendered": Object {
      "instance": null,
      "key": undefined,
      "nodeType": "host",
      "props": Object {
        "children": Array [
          <option
            value="MainNet"
          >
            MainNet
          </option>,
          <option
            value="TestNet"
          >
            TestNet
          </option>,
          <option
            value="CoZTestNet"
          >
            CoZ TestNet
          </option>,
        ],
        "className": "switcher",
        "defaultValue": "MainNet",
        "onChange": [Function],
      },
      "ref": null,
      "rendered": Array [
        Object {
          "instance": null,
          "key": "option-key-MainNet",
          "nodeType": "host",
          "props": Object {
            "children": "MainNet",
            "value": "MainNet",
          },
          "ref": null,
          "rendered": "MainNet",
          "type": "option",
        },
        Object {
          "instance": null,
          "key": "option-key-TestNet",
          "nodeType": "host",
          "props": Object {
            "children": "TestNet",
            "value": "TestNet",
          },
          "ref": null,
          "rendered": "TestNet",
          "type": "option",
        },
        Object {
          "instance": null,
          "key": "option-key-CoZTestNet",
          "nodeType": "host",
          "props": Object {
            "children": "CoZ TestNet",
            "value": "CoZTestNet",
          },
          "ref": null,
          "rendered": "CoZ TestNet",
          "type": "option",
        },
      ],
      "type": "select",
    },
    "type": "div",
  },
  Symbol(enzyme.__nodes__): Array [
    Object {
      "instance": null,
      "key": undefined,
      "nodeType": "host",
      "props": Object {
        "children": <select
          className="switcher"
          defaultValue="MainNet"
          onChange={[Function]}
        >
          <option
            value="MainNet"
          >
            MainNet
          </option>
          <option
            value="TestNet"
          >
            TestNet
          </option>
          <option
            value="CoZTestNet"
          >
            CoZ TestNet
          </option>
        </select>,
      },
      "ref": null,
      "rendered": Object {
        "instance": null,
        "key": undefined,
        "nodeType": "host",
        "props": Object {
          "children": Array [
            <option
              value="MainNet"
            >
              MainNet
            </option>,
            <option
              value="TestNet"
            >
              TestNet
            </option>,
            <option
              value="CoZTestNet"
            >
              CoZ TestNet
            </option>,
          ],
          "className": "switcher",
          "defaultValue": "MainNet",
          "onChange": [Function],
        },
        "ref": null,
        "rendered": Array [
          Object {
            "instance": null,
            "key": "option-key-MainNet",
            "nodeType": "host",
            "props": Object {
              "children": "MainNet",
              "value": "MainNet",
            },
            "ref": null,
            "rendered": "MainNet",
            "type": "option",
          },
          Object {
            "instance": null,
            "key": "option-key-TestNet",
            "nodeType": "host",
            "props": Object {
              "children": "TestNet",
              "value": "TestNet",
            },
            "ref": null,
            "rendered": "TestNet",
            "type": "option",
          },
          Object {
            "instance": null,
            "key": "option-key-CoZTestNet",
            "nodeType": "host",
            "props": Object {
              "children": "CoZ TestNet",
              "value": "CoZTestNet",
            },
            "ref": null,
            "rendered": "CoZ TestNet",
            "type": "option",
          },
        ],
        "type": "select",
      },
      "type": "div",
    },
  ],
  Symbol(enzyme.__options__): Object {
    "adapter": ReactSixteenAdapter {
      "options": Object {
        "enableComponentDidUpdateOnSetState": true,
      },
    },
  },
}
`;
